// Jest Snapshot v1, https://goo.gl/fbAQLP

exports[`AlertsTitle should match snapshot 1`] = `
<div>
  <div>
    <div
      class="yst-flex yst-justify-between yst-gap-2 yst-items-center"
    >
      <svg
        aria-hidden="true"
        class="yst-w-6 yst-h-6 yst-text-blue-500"
        fill="none"
        stroke="currentColor"
        stroke-width="2"
        viewBox="0 0 24 24"
        xmlns="http://www.w3.org/2000/svg"
      >
        <path
          d="M15 17h5l-1.405-1.405A2.032 2.032 0 0118 14.158V11a6.002 6.002 0 00-4-5.659V5a2 2 0 10-4 0v.341C7.67 6.165 6 8.388 6 11v3.159c0 .538-.214 1.055-.595 1.436L4 17h5m6 0v1a3 3 0 11-6 0v-1m6 0H9"
          stroke-linecap="round"
          stroke-linejoin="round"
        />
      </svg>
      <h2
        class="yst-title yst-title--2 yst-grow"
      >
        Test Title
         
        (5)
      </h2>
    </div>
  </div>
</div>
`;
