// Jest Snapshot v1, https://goo.gl/fbAQLP

exports[`FacebookSiteAndAuthorNames matches the snapshot by default 1`] = `
Array [
  <span
    className="screen-reader-text"
  >
    sitename.com by John Doe
  </span>,
  .c3 {
  color: #3b5998;
  font-size: 12px;
  line-height: 11px;
}

.c0 {
  color: #606770;
  -webkit-flex-shrink: 0;
  -ms-flex-negative: 0;
  flex-shrink: 0;
  font-size: 12px;
  line-height: 20px;
  overflow: hidden;
  padding: 0;
  text-overflow: ellipsis;
  text-transform: uppercase;
  white-space: nowrap;
  margin: 0;
  position: static;
}

.c2 {
  padding-left: 5px;
  padding-right: 5px;
}

.c1 {
  color: #606770;
  font-size: 12px;
  line-height: 11px;
  text-transform: uppercase;
  overflow: hidden;
}

<p
    aria-hidden="true"
    className="c0"
  >
    <span
      className="c1"
    >
      sitename.com
    </span>
    <span
      className="c2"
    >
      |
    </span>
    By
    Â 
    <span
      className="c3"
    >
      John Doe
    </span>
  </p>,
]
`;
