// Jest Snapshot v1, https://goo.gl/fbAQLP

exports[`BaseButton executes callback 1`] = `
.c0 {
  color: #555;
  border-color: #ccc;
  background: #f7f7f7;
  box-shadow: 0 1px 0 rgba( 204,204,204,1 );
}

.c1:active {
  color: #000;
  background-color: #f7f7f7;
  box-shadow: inset 0 2px 5px -3px rgba( 0,0,0,0.5 );
}

.c2::-moz-focus-inner {
  border-width: 0;
}

.c2:focus {
  outline: none;
  border-color: #0066cd;
  color: #000;
  background-color: #fff;
  box-shadow: 0 0 3px rgba( 8,74,103,0.8 );
}

.c3:hover {
  color: #000;
  background-color: #fff;
  border-color: var(--yoast-color-border--default);
}

.c4 {
  display: -webkit-inline-box;
  display: -webkit-inline-flex;
  display: -ms-inline-flexbox;
  display: inline-flex;
  -webkit-align-items: center;
  -webkit-box-align: center;
  -ms-flex-align: center;
  align-items: center;
  -webkit-box-pack: center;
  -webkit-justify-content: center;
  -ms-flex-pack: center;
  justify-content: center;
  vertical-align: middle;
  border-width: 1px;
  border-style: solid;
  margin: 0;
  padding: 4px 10px;
  border-radius: 3px;
  cursor: pointer;
  box-sizing: border-box;
  font-size: inherit;
  font-family: inherit;
  font-weight: inherit;
  text-align: left;
  overflow: visible;
  min-height: 32px;
  -webkit-transition: var(--yoast-transition-default);
  transition: var(--yoast-transition-default);
}

.c4 svg {
  -webkit-align-self: center;
  -ms-flex-item-align: center;
  align-self: center;
}

@media all and (-ms-high-contrast:none),(-ms-high-contrast:active) {
  .c4::after {
    display: inline-block;
    content: "";
    min-height: 22px;
  }
}

<button
  className="c0 c1 c2 c3 c4"
  onClick={[Function]}
  type="button"
>
  ButtonValue
</button>
`;

exports[`BaseButton executes callback 2`] = `
.c0 {
  color: #555;
  border-color: #ccc;
  background: #f7f7f7;
  box-shadow: 0 1px 0 rgba( 204,204,204,1 );
}

.c1:active {
  color: #000;
  background-color: #f7f7f7;
  box-shadow: inset 0 2px 5px -3px rgba( 0,0,0,0.5 );
}

.c2::-moz-focus-inner {
  border-width: 0;
}

.c2:focus {
  outline: none;
  border-color: #0066cd;
  color: #000;
  background-color: #fff;
  box-shadow: 0 0 3px rgba( 8,74,103,0.8 );
}

.c3:hover {
  color: #000;
  background-color: #fff;
  border-color: var(--yoast-color-border--default);
}

.c4 {
  display: -webkit-inline-box;
  display: -webkit-inline-flex;
  display: -ms-inline-flexbox;
  display: inline-flex;
  -webkit-align-items: center;
  -webkit-box-align: center;
  -ms-flex-align: center;
  align-items: center;
  -webkit-box-pack: center;
  -webkit-justify-content: center;
  -ms-flex-pack: center;
  justify-content: center;
  vertical-align: middle;
  border-width: 1px;
  border-style: solid;
  margin: 0;
  padding: 4px 10px;
  border-radius: 3px;
  cursor: pointer;
  box-sizing: border-box;
  font-size: inherit;
  font-family: inherit;
  font-weight: inherit;
  text-align: left;
  overflow: visible;
  min-height: 32px;
  -webkit-transition: var(--yoast-transition-default);
  transition: var(--yoast-transition-default);
}

.c4 svg {
  -webkit-align-self: center;
  -ms-flex-item-align: center;
  align-self: center;
}

@media all and (-ms-high-contrast:none),(-ms-high-contrast:active) {
  .c4::after {
    display: inline-block;
    content: "";
    min-height: 22px;
  }
}

<button
  className="c0 c1 c2 c3 c4"
  onClick={[Function]}
  type="button"
>
  ButtonValue
</button>
`;

exports[`SnippetPreviewButton executes callback 1`] = `
.c0 {
  color: #555;
  border-color: #ccc;
  background: #f7f7f7;
  box-shadow: 0 1px 0 rgba( 204,204,204,1 );
}

.c1:active {
  color: #000;
  background-color: #f7f7f7;
  box-shadow: inset 0 2px 5px -3px rgba( 0,0,0,0.5 );
}

.c2::-moz-focus-inner {
  border-width: 0;
}

.c2:focus {
  outline: none;
  border-color: #0066cd;
  color: #000;
  background-color: #fff;
  box-shadow: 0 0 3px rgba( 8,74,103,0.8 );
}

.c3:hover {
  color: #000;
  background-color: #fff;
  border-color: var(--yoast-color-border--default);
}

.c4 {
  display: -webkit-inline-box;
  display: -webkit-inline-flex;
  display: -ms-inline-flexbox;
  display: inline-flex;
  -webkit-align-items: center;
  -webkit-box-align: center;
  -ms-flex-align: center;
  align-items: center;
  -webkit-box-pack: center;
  -webkit-justify-content: center;
  -ms-flex-pack: center;
  justify-content: center;
  vertical-align: middle;
  border-width: 1px;
  border-style: solid;
  margin: 0;
  padding: 4px 10px;
  border-radius: 3px;
  cursor: pointer;
  box-sizing: border-box;
  font-size: inherit;
  font-family: inherit;
  font-weight: inherit;
  text-align: left;
  overflow: visible;
  min-height: 32px;
  -webkit-transition: var(--yoast-transition-default);
  transition: var(--yoast-transition-default);
}

.c4 svg {
  -webkit-align-self: center;
  -ms-flex-item-align: center;
  align-self: center;
}

@media all and (-ms-high-contrast:none),(-ms-high-contrast:active) {
  .c4::after {
    display: inline-block;
    content: "";
    min-height: 22px;
  }
}

<button
  className="c0 c1 c2 c3 c4"
  onClick={[Function]}
  type="button"
>
  ButtonValue
</button>
`;

exports[`SnippetPreviewButton executes callback 2`] = `
.c0 {
  color: #555;
  border-color: #ccc;
  background: #f7f7f7;
  box-shadow: 0 1px 0 rgba( 204,204,204,1 );
}

.c1:active {
  color: #000;
  background-color: #f7f7f7;
  box-shadow: inset 0 2px 5px -3px rgba( 0,0,0,0.5 );
}

.c2::-moz-focus-inner {
  border-width: 0;
}

.c2:focus {
  outline: none;
  border-color: #0066cd;
  color: #000;
  background-color: #fff;
  box-shadow: 0 0 3px rgba( 8,74,103,0.8 );
}

.c3:hover {
  color: #000;
  background-color: #fff;
  border-color: var(--yoast-color-border--default);
}

.c4 {
  display: -webkit-inline-box;
  display: -webkit-inline-flex;
  display: -ms-inline-flexbox;
  display: inline-flex;
  -webkit-align-items: center;
  -webkit-box-align: center;
  -ms-flex-align: center;
  align-items: center;
  -webkit-box-pack: center;
  -webkit-justify-content: center;
  -ms-flex-pack: center;
  justify-content: center;
  vertical-align: middle;
  border-width: 1px;
  border-style: solid;
  margin: 0;
  padding: 4px 10px;
  border-radius: 3px;
  cursor: pointer;
  box-sizing: border-box;
  font-size: inherit;
  font-family: inherit;
  font-weight: inherit;
  text-align: left;
  overflow: visible;
  min-height: 32px;
  -webkit-transition: var(--yoast-transition-default);
  transition: var(--yoast-transition-default);
}

.c4 svg {
  -webkit-align-self: center;
  -ms-flex-item-align: center;
  align-self: center;
}

@media all and (-ms-high-contrast:none),(-ms-high-contrast:active) {
  .c4::after {
    display: inline-block;
    content: "";
    min-height: 22px;
  }
}

<button
  className="c0 c1 c2 c3 c4"
  onClick={[Function]}
  type="button"
>
  ButtonValue
</button>
`;

exports[`the BaseButton matches the snapshot 1`] = `
.c0 {
  color: #555;
  border-color: #ccc;
  background: #f7f7f7;
  box-shadow: 0 1px 0 rgba( 204,204,204,1 );
}

.c1:active {
  color: #000;
  background-color: #f7f7f7;
  box-shadow: inset 0 2px 5px -3px rgba( 0,0,0,0.5 );
}

.c2::-moz-focus-inner {
  border-width: 0;
}

.c2:focus {
  outline: none;
  border-color: #0066cd;
  color: #000;
  background-color: #fff;
  box-shadow: 0 0 3px rgba( 8,74,103,0.8 );
}

.c3:hover {
  color: #000;
  background-color: #fff;
  border-color: var(--yoast-color-border--default);
}

.c4 {
  display: -webkit-inline-box;
  display: -webkit-inline-flex;
  display: -ms-inline-flexbox;
  display: inline-flex;
  -webkit-align-items: center;
  -webkit-box-align: center;
  -ms-flex-align: center;
  align-items: center;
  -webkit-box-pack: center;
  -webkit-justify-content: center;
  -ms-flex-pack: center;
  justify-content: center;
  vertical-align: middle;
  border-width: 1px;
  border-style: solid;
  margin: 0;
  padding: 4px 10px;
  border-radius: 3px;
  cursor: pointer;
  box-sizing: border-box;
  font-size: inherit;
  font-family: inherit;
  font-weight: inherit;
  text-align: left;
  overflow: visible;
  min-height: 32px;
  -webkit-transition: var(--yoast-transition-default);
  transition: var(--yoast-transition-default);
}

.c4 svg {
  -webkit-align-self: center;
  -ms-flex-item-align: center;
  align-self: center;
}

@media all and (-ms-high-contrast:none),(-ms-high-contrast:active) {
  .c4::after {
    display: inline-block;
    content: "";
    min-height: 22px;
  }
}

<button
  className="c0 c1 c2 c3 c4"
  type="button"
>
  ButtonValue
</button>
`;

exports[`the IconButton matches the snapshot 1`] = `
.c5 {
  width: 16px;
  height: 16px;
  -webkit-flex: none;
  -ms-flex: none;
  flex: none;
}

.c0 {
  color: #555;
  border-color: #ccc;
  background: #f7f7f7;
  box-shadow: 0 1px 0 rgba( 204,204,204,1 );
}

.c1:active {
  color: #000;
  background-color: #f7f7f7;
  box-shadow: inset 0 2px 5px -3px rgba( 0,0,0,0.5 );
}

.c2::-moz-focus-inner {
  border-width: 0;
}

.c2:focus {
  outline: none;
  border-color: #0066cd;
  color: #000;
  background-color: #fff;
  box-shadow: 0 0 3px rgba( 8,74,103,0.8 );
}

.c3:hover {
  color: #000;
  background-color: #fff;
  border-color: var(--yoast-color-border--default);
}

.c4 {
  display: -webkit-inline-box;
  display: -webkit-inline-flex;
  display: -ms-inline-flexbox;
  display: inline-flex;
  -webkit-align-items: center;
  -webkit-box-align: center;
  -ms-flex-align: center;
  align-items: center;
  -webkit-box-pack: center;
  -webkit-justify-content: center;
  -ms-flex-pack: center;
  justify-content: center;
  vertical-align: middle;
  border-width: 1px;
  border-style: solid;
  margin: 0;
  padding: 4px 10px;
  border-radius: 3px;
  cursor: pointer;
  box-sizing: border-box;
  font-size: inherit;
  font-family: inherit;
  font-weight: inherit;
  text-align: left;
  overflow: visible;
  min-height: 32px;
  -webkit-transition: var(--yoast-transition-default);
  transition: var(--yoast-transition-default);
}

.c4 svg {
  -webkit-align-self: center;
  -ms-flex-item-align: center;
  align-self: center;
}

@media all and (-ms-high-contrast:none),(-ms-high-contrast:active) {
  .c4::after {
    display: inline-block;
    content: "";
    min-height: 22px;
  }
}

<button
  className="c0 c1 c2 c3 c4"
  type="button"
>
  <svg
    aria-hidden={true}
    className="c5 yoast-svg-icon yoast-svg-icon-edit"
    fill="black"
    focusable="false"
    role="img"
    size="16px"
    viewBox="0 0 1792 1792"
    xmlns="http://www.w3.org/2000/svg"
  >
    <path
      d="M491 1536l91-91-235-235-91 91v107h128v128h107zm523-928q0-22-22-22-10 0-17 7l-542 542q-7 7-7 17 0 22 22 22 10 0 17-7l542-542q7-7 7-17zm-54-192l416 416-832 832h-416v-416zm683 96q0 53-37 90l-166 166-416-416 166-165q36-38 90-38 53 0 91 38l235 234q37 39 37 91z"
    />
  </svg>
</button>
`;

exports[`the IconButton with text matches the snapshot 1`] = `
.c5 {
  width: 16px;
  height: 16px;
  -webkit-flex: none;
  -ms-flex: none;
  flex: none;
}

.c0 {
  color: #555;
  border-color: #ccc;
  background: #f7f7f7;
  box-shadow: 0 1px 0 rgba( 204,204,204,1 );
}

.c1:active {
  color: #000;
  background-color: #f7f7f7;
  box-shadow: inset 0 2px 5px -3px rgba( 0,0,0,0.5 );
}

.c2::-moz-focus-inner {
  border-width: 0;
}

.c2:focus {
  outline: none;
  border-color: #0066cd;
  color: #000;
  background-color: #fff;
  box-shadow: 0 0 3px rgba( 8,74,103,0.8 );
}

.c3:hover {
  color: #000;
  background-color: #fff;
  border-color: var(--yoast-color-border--default);
}

.c4 {
  display: -webkit-inline-box;
  display: -webkit-inline-flex;
  display: -ms-inline-flexbox;
  display: inline-flex;
  -webkit-align-items: center;
  -webkit-box-align: center;
  -ms-flex-align: center;
  align-items: center;
  -webkit-box-pack: center;
  -webkit-justify-content: center;
  -ms-flex-pack: center;
  justify-content: center;
  vertical-align: middle;
  border-width: 1px;
  border-style: solid;
  margin: 0;
  padding: 4px 10px;
  border-radius: 3px;
  cursor: pointer;
  box-sizing: border-box;
  font-size: inherit;
  font-family: inherit;
  font-weight: inherit;
  text-align: left;
  overflow: visible;
  min-height: 32px;
  -webkit-transition: var(--yoast-transition-default);
  transition: var(--yoast-transition-default);
}

.c4 svg {
  -webkit-align-self: center;
  -ms-flex-item-align: center;
  align-self: center;
}

.c6 {
  margin: 0 8px 0 0;
  -webkit-flex-shrink: 0;
  -ms-flex-negative: 0;
  flex-shrink: 0;
}

@media all and (-ms-high-contrast:none),(-ms-high-contrast:active) {
  .c4::after {
    display: inline-block;
    content: "";
    min-height: 22px;
  }
}

<button
  className="c0 c1 c2 c3 c4"
  type="button"
>
  <svg
    aria-hidden={true}
    className="c5 yoast-svg-icon yoast-svg-icon-edit c6"
    fill="black"
    focusable="false"
    role="img"
    size="16px"
    viewBox="0 0 1792 1792"
    xmlns="http://www.w3.org/2000/svg"
  >
    <path
      d="M491 1536l91-91-235-235-91 91v107h128v128h107zm523-928q0-22-22-22-10 0-17 7l-542 542q-7 7-7 17 0 22 22 22 10 0 17-7l542-542q7-7 7-17zm-54-192l416 416-832 832h-416v-416zm683 96q0 53-37 90l-166 166-416-416 166-165q36-38 90-38 53 0 91 38l235 234q37 39 37 91z"
    />
  </svg>
  Click
</button>
`;

exports[`the SnippetPreviewButton matches the snapshot 1`] = `
.c0 {
  color: #555;
  border-color: #ccc;
  background: #f7f7f7;
  box-shadow: 0 1px 0 rgba( 204,204,204,1 );
}

.c1:active {
  color: #000;
  background-color: #f7f7f7;
  box-shadow: inset 0 2px 5px -3px rgba( 0,0,0,0.5 );
}

.c2::-moz-focus-inner {
  border-width: 0;
}

.c2:focus {
  outline: none;
  border-color: #0066cd;
  color: #000;
  background-color: #fff;
  box-shadow: 0 0 3px rgba( 8,74,103,0.8 );
}

.c3:hover {
  color: #000;
  background-color: #fff;
  border-color: var(--yoast-color-border--default);
}

.c4 {
  display: -webkit-inline-box;
  display: -webkit-inline-flex;
  display: -ms-inline-flexbox;
  display: inline-flex;
  -webkit-align-items: center;
  -webkit-box-align: center;
  -ms-flex-align: center;
  align-items: center;
  -webkit-box-pack: center;
  -webkit-justify-content: center;
  -ms-flex-pack: center;
  justify-content: center;
  vertical-align: middle;
  border-width: 1px;
  border-style: solid;
  margin: 0;
  padding: 4px 10px;
  border-radius: 3px;
  cursor: pointer;
  box-sizing: border-box;
  font-size: inherit;
  font-family: inherit;
  font-weight: inherit;
  text-align: left;
  overflow: visible;
  min-height: 32px;
  -webkit-transition: var(--yoast-transition-default);
  transition: var(--yoast-transition-default);
}

.c4 svg {
  -webkit-align-self: center;
  -ms-flex-item-align: center;
  align-self: center;
}

@media all and (-ms-high-contrast:none),(-ms-high-contrast:active) {
  .c4::after {
    display: inline-block;
    content: "";
    min-height: 22px;
  }
}

<button
  className="c0 c1 c2 c3 c4"
  type="button"
>
  ButtonValue
</button>
`;
