// Jest Snapshot v1, https://goo.gl/fbAQLP

exports[`the YoastButton executes callback 1`] = `
.c0 {
  color: #fff;
  background: #64a60a;
  min-width: 152px;
  text-shadow: 0 0 2px #000;
  overflow: visible;
  cursor: pointer;
}

.c0::-moz-focus-inner {
  border-width: 0;
}

.c0 span {
  display: inherit;
  -webkit-align-items: inherit;
  -webkit-box-align: inherit;
  -ms-flex-align: inherit;
  align-items: inherit;
  -webkit-box-pack: inherit;
  -webkit-justify-content: inherit;
  -ms-flex-pack: inherit;
  justify-content: inherit;
  width: 100%;
}

.c1 {
  display: -webkit-inline-box;
  display: -webkit-inline-flex;
  display: -ms-inline-flexbox;
  display: inline-flex;
  -webkit-align-items: center;
  -webkit-box-align: center;
  -ms-flex-align: center;
  align-items: center;
  -webkit-box-pack: center;
  -webkit-justify-content: center;
  -ms-flex-pack: center;
  justify-content: center;
  vertical-align: middle;
  min-height: 48px;
  margin: 0;
  padding: 0 16px;
  padding: 0px 16px;
  border: 0;
  border-radius: 4px;
  box-sizing: border-box;
  font: 400 14px/24px "Open Sans",sans-serif;
  text-transform: uppercase;
  box-shadow: 0 2px 8px 0 rgba( 0,0,0,0.3 );
  -webkit-transition: box-shadow 150ms ease-out;
  transition: box-shadow 150ms ease-out;
}

.c1:hover,
.c1:focus,
.c1:active {
  box-shadow: 0 4px 10px 0 rgba( 0,0,0,0.2 ),inset 0 0 0 100px rgba( 0,0,0,0.1 );
  color: #fff;
}

.c1:active {
  -webkit-transform: translateY( 1px );
  -ms-transform: translateY( 1px );
  transform: translateY( 1px );
  box-shadow: none;
}

@media all and (-ms-high-contrast:none),(-ms-high-contrast:active) {
  .c1::after {
    display: inline-block;
    content: "";
    min-height: 48px;
  }
}

<button
  className="c0 c1"
  onClick={[Function]}
  type="button"
>
  <span>
    ButtonValue
  </span>
</button>
`;

exports[`the YoastButton executes callback 2`] = `
.c0 {
  color: #fff;
  background: #64a60a;
  min-width: 152px;
  text-shadow: 0 0 2px #000;
  overflow: visible;
  cursor: pointer;
}

.c0::-moz-focus-inner {
  border-width: 0;
}

.c0 span {
  display: inherit;
  -webkit-align-items: inherit;
  -webkit-box-align: inherit;
  -ms-flex-align: inherit;
  align-items: inherit;
  -webkit-box-pack: inherit;
  -webkit-justify-content: inherit;
  -ms-flex-pack: inherit;
  justify-content: inherit;
  width: 100%;
}

.c1 {
  display: -webkit-inline-box;
  display: -webkit-inline-flex;
  display: -ms-inline-flexbox;
  display: inline-flex;
  -webkit-align-items: center;
  -webkit-box-align: center;
  -ms-flex-align: center;
  align-items: center;
  -webkit-box-pack: center;
  -webkit-justify-content: center;
  -ms-flex-pack: center;
  justify-content: center;
  vertical-align: middle;
  min-height: 48px;
  margin: 0;
  padding: 0 16px;
  padding: 0px 16px;
  border: 0;
  border-radius: 4px;
  box-sizing: border-box;
  font: 400 14px/24px "Open Sans",sans-serif;
  text-transform: uppercase;
  box-shadow: 0 2px 8px 0 rgba( 0,0,0,0.3 );
  -webkit-transition: box-shadow 150ms ease-out;
  transition: box-shadow 150ms ease-out;
}

.c1:hover,
.c1:focus,
.c1:active {
  box-shadow: 0 4px 10px 0 rgba( 0,0,0,0.2 ),inset 0 0 0 100px rgba( 0,0,0,0.1 );
  color: #fff;
}

.c1:active {
  -webkit-transform: translateY( 1px );
  -ms-transform: translateY( 1px );
  transform: translateY( 1px );
  box-shadow: none;
}

@media all and (-ms-high-contrast:none),(-ms-high-contrast:active) {
  .c1::after {
    display: inline-block;
    content: "";
    min-height: 48px;
  }
}

<button
  className="c0 c1"
  onClick={[Function]}
  type="button"
>
  <span>
    ButtonValue
  </span>
</button>
`;

exports[`the YoastButton matches the snapshot 1`] = `
.c0 {
  color: #fff;
  background: #c00;
  min-width: 152px;
  text-shadow: 0 0 2px #000;
  overflow: visible;
  cursor: pointer;
}

.c0::-moz-focus-inner {
  border-width: 0;
}

.c0 span {
  display: inherit;
  -webkit-align-items: inherit;
  -webkit-box-align: inherit;
  -ms-flex-align: inherit;
  align-items: inherit;
  -webkit-box-pack: inherit;
  -webkit-justify-content: inherit;
  -ms-flex-pack: inherit;
  justify-content: inherit;
  width: 100%;
}

.c1 {
  display: -webkit-inline-box;
  display: -webkit-inline-flex;
  display: -ms-inline-flexbox;
  display: inline-flex;
  -webkit-align-items: center;
  -webkit-box-align: center;
  -ms-flex-align: center;
  align-items: center;
  -webkit-box-pack: center;
  -webkit-justify-content: center;
  -ms-flex-pack: center;
  justify-content: center;
  vertical-align: middle;
  min-height: 48px;
  margin: 0;
  padding: 0 16px;
  padding: 0px 16px;
  border: 0;
  border-radius: 4px;
  box-sizing: border-box;
  font: 400 14px/24px "Open Sans",sans-serif;
  text-transform: uppercase;
  box-shadow: 0 2px 8px 0 rgba( 0,0,0,0.3 );
  -webkit-transition: box-shadow 150ms ease-out;
  transition: box-shadow 150ms ease-out;
}

.c1:hover,
.c1:focus,
.c1:active {
  box-shadow: 0 4px 10px 0 rgba( 0,0,0,0.2 ),inset 0 0 0 100px rgba( 0,0,0,0.1 );
  color: #fff;
}

.c1:active {
  -webkit-transform: translateY( 1px );
  -ms-transform: translateY( 1px );
  transform: translateY( 1px );
  box-shadow: none;
}

@media all and (-ms-high-contrast:none),(-ms-high-contrast:active) {
  .c1::after {
    display: inline-block;
    content: "";
    min-height: 48px;
  }
}

<button
  className="c0 c1"
  type="button"
>
  <span>
    ButtonValue
  </span>
</button>
`;
