// Jest Snapshot v1, https://goo.gl/fbAQLP

exports[`AiConsent match snapshot 1`] = `
<div>
  <div
    class="yst-px-10 yst-pt-10 yst-introduction-gradient yst-text-center"
  >
    <div
      class="yst-relative yst-w-full"
    >
      <img
        alt=""
        class="yst-w-full yst-h-auto yst-rounded-md yst-drop-shadow-md"
        decoding="async"
        height="244"
        loading="lazy"
        src="https://example.com/ai-consent.png"
        width="432"
      />
    </div>
  </div>
  <div
    class="yst-px-10 yst-pb-4 yst-flex yst-flex-col yst-items-center"
  >
    <div
      class="yst-mt-4 yst-mx-1.5 yst-text-center"
    >
      <h3
        class="yst-text-slate-900 yst-text-lg yst-font-medium"
      >
        Grant consent for Yoast AI
      </h3>
      <div
        class="yst-mt-2 yst-text-slate-600 yst-text-sm"
      >
        Enable AI-powered SEO! Use all Yoast AI features to boost your efficiency. Just give us the green light. 
        <br />
        <a
          class="yst-link yst-link--primary yst-inline-flex yst-items-center yst-gap-1 yst-no-underline yst-font-medium"
          href="https://yoa.st/a-generator-learn-more"
          rel="noopener noreferrer"
          target="_blank"
        >
          Learn more
          <svg
            aria-hidden="true"
            class="yst-w-4 yst-h-4 rtl:yst-rotate-180"
            fill="currentColor"
            viewBox="0 0 20 20"
            xmlns="http://www.w3.org/2000/svg"
          >
            <path
              clip-rule="evenodd"
              d="M12.293 5.293a1 1 0 011.414 0l4 4a1 1 0 010 1.414l-4 4a1 1 0 01-1.414-1.414L14.586 11H3a1 1 0 110-2h11.586l-2.293-2.293a1 1 0 010-1.414z"
              fill-rule="evenodd"
            />
          </svg>
          <span
            class="yst-sr-only"
          >
            (Opens in a new browser tab)
          </span>
        </a>
      </div>
    </div>
    <div
      class="yst-flex yst-w-full yst-mt-6"
    >
      <hr
        class="yst-w-full yst-text-gray-200"
      />
    </div>
    <div
      class="yst-flex yst-items-start yst-mt-4"
    >
      <input
        class="yst-checkbox__input"
        id="yst-ai-consent-checkbox"
        name="yst-ai-consent-checkbox"
        type="checkbox"
        value="false"
      />
      <label
        class="yst-label yst-checkbox__label yst-text-xs yst-font-normal yst-text-slate-500"
        for="yst-ai-consent-checkbox"
      >
        I approve the 
        <a
          class="yst-link yst-link--default"
          href="https://yoa.st/ai-generator-terms-of-service"
          rel="noopener noreferrer"
          target="_blank"
        >
          Terms of Service
          <span
            class="yst-sr-only"
          >
            (Opens in a new browser tab)
          </span>
        </a>
         & 
        <a
          class="yst-link yst-link--default"
          href="https://yoa.st/ai-generator-privacy-policy"
          rel="noopener noreferrer"
          target="_blank"
        >
          Privacy Policy
          <span
            class="yst-sr-only"
          >
            (Opens in a new browser tab)
          </span>
        </a>
         of the Yoast AI service. This includes consenting to the collection and use of data to improve user experience.
      </label>
    </div>
    <div
      class="yst-w-full yst-flex yst-mt-4"
    >
      <button
        class="yst-button yst-button--primary yst-button--large yst-button--disabled yst-grow"
        disabled=""
        type="button"
      >
        Grant consent
      </button>
    </div>
    <button
      class="yst-button yst-button--tertiary yst-mt-4"
      type="button"
    >
      Close
    </button>
  </div>
</div>
`;
