// Jest Snapshot v1, https://goo.gl/fbAQLP

exports[`TwitterDescription matches the snapshot for the summary card 1`] = `
.c0 {
  max-height: 55px;
  min-height: 20px;
  overflow: hidden;
  font-size: 15px;
  line-height: 20px;
  text-overflow: ellipsis;
  margin: 0 0 2px;
  color: rgb(101,119,134);
  display: -webkit-box;
  cursor: pointer;
  -webkit-line-clamp: 2;
  -webkit-box-orient: vertical;
}

@media all and ( max-width:506px ) {
  .c0 {
    display: none;
  }
}

<p
  className="c0"
/>
`;

exports[`TwitterDescription matches the snapshot for the summary with large image card 1`] = `
.c0 {
  max-height: 55px;
  min-height: 20px;
  overflow: hidden;
  font-size: 15px;
  line-height: 20px;
  text-overflow: ellipsis;
  margin: 0 0 2px;
  color: rgb(101,119,134);
  display: -webkit-box;
  cursor: pointer;
  -webkit-line-clamp: 2;
  -webkit-box-orient: vertical;
}

@media all and ( max-width:506px ) {
  .c0 {
    display: none;
  }
}

<p
  className="c0"
/>
`;
