// Jest Snapshot v1, https://goo.gl/fbAQLP

exports[`TwitterTitle matches the snapshot by default 1`] = `
.c0 {
  line-height: 18px;
  min-height: 18px;
  font-size: 15px;
  white-space: nowrap;
  overflow: hidden;
  text-overflow: ellipsis;
  margin-top: 0;
  margin-bottom: 2px;
  color: rgb(20,23,26);
  cursor: pointer;
}

<p
  className="c0"
  title="My Twitter Title"
/>
`;
