// Jest Snapshot v1, https://goo.gl/fbAQLP

exports[`Search test should match search snapshot 1`] = `
"<Fragment>
  <button id=\\"button-search\\" type=\\"button\\" className=\\"yst-w-full yst-flex yst-items-center yst-bg-white yst-text-sm yst-leading-6 yst-text-slate-500 yst-rounded-md yst-border yst-border-slate-300 yst-shadow-sm yst-py-1.5 yst-pl-2 yst-pr-3 focus:yst-outline-none focus:yst-ring-2 focus:yst-ring-offset-2 focus:yst-ring-primary-500\\" onClick={[Function (anonymous)]}>
    <ForwardRef(SearchIcon) className=\\"yst-flex-none yst-w-5 yst-h-5 yst-mr-3 yst-text-slate-400\\" role=\\"img\\" aria-hidden=\\"true\\" />
    <span className=\\"yst-overflow-hidden yst-whitespace-nowrap yst-text-ellipsis\\">
      Quick search...
    </span>
  </button>
  <Modal id=\\"modal-search\\" onClose={[Function (anonymous)]} isOpen={false} initialFocus={{...}} position=\\"top-center\\" aria-label=\\"Search\\">
    <Modal.Panel hasCloseButton={false}>
      <LiveAnnouncer />
      <ComboboxFn as=\\"div\\" className=\\"yst--m-6\\" onChange={[Function (anonymous)]}>
        <div className=\\"yst-relative\\">
          <ForwardRef(SearchIcon) className=\\"yst-pointer-events-none yst-absolute yst-top-3.5 yst-left-4 yst-h-5 yst-w-5 yst-text-slate-400\\" role=\\"img\\" aria-hidden=\\"true\\" />
          <Input2 id=\\"input-search\\" placeholder=\\"Search...\\" aria-label=\\"Search\\" value=\\"\\" onChange={[Function (anonymous)]} className=\\"yst-h-12 yst-w-full yst-border-0 yst-rounded-lg sm:yst-text-sm yst-bg-transparent yst-px-11 yst-text-slate-800 yst-placeholder-slate-500 focus:yst-outline-none focus:yst-ring-inset focus:yst-ring-2 focus:yst-ring-primary-500 focus:yst-border-primary-500\\" />
          <div className=\\"yst-modal__close\\">
            <button type=\\"button\\" onClick={[Function (anonymous)]} className=\\"yst-modal__close-button\\">
              <span className=\\"yst-sr-only\\">
                Close
              </span>
              <ForwardRef(XIcon) className=\\"yst-h-6 yst-w-6\\" role=\\"img\\" aria-hidden=\\"true\\" />
            </button>
          </div>
        </div>
        <SearchNoResultsContent title=\\"Search\\">
          <p className=\\"yst-text-slate-500\\">
            Please enter a search term with at least 3 characters.
          </p>
        </SearchNoResultsContent>
      </ComboboxFn>
    </Modal.Panel>
  </Modal>
</Fragment>"
`;
